mmseqs rc 0 
Counter({'NOVEL': 32})
c7:KLFKKICRQAEKDKDS NOVEL None
c7:AKDKEKVHRKDGLKKA NOVEL None
c7:AEKKLKKDRHLVGKGE NOVEL None
c7:KWIKKRCKECADAKAD NOVEL None
c7:KWKCQKKISKGEK NOVEL None
c7:KDEKKMQMKTCLWPKD NOVEL None
c7:KERTTSDAMKHWKQAK NOVEL None
c7:DHKWKKKISDFWHQEK NOVEL None
c7:DLGLFNKCHKKEKRAL NOVEL None
c7:DRLHVMRKRSEKLF NOVEL None
c3:EYKKDIKKHLKKEH NOVEL None
c3:DAKKAQDHKRFKP NOVEL None
c3:FMKKLKMDHDDKKI NOVEL None
c3:ADKLKPKLRKAWEE NOVEL None
c3:LFKKTKDFDHDFKKP NOVEL None
c3:FKLAHKNRGLADKE NOVEL None
c3:KESKQGKIVKLLKDTH NOVEL None
c3:AEKKAEKFMLKTDKL NOVEL None
c3:LHKRIDEKLAPAKKI NOVEL None
c3:KDNKHQPKAFRMAKKF NOVEL None
c3:KLHEKWRKLADSRNTK NOVEL None
c3:MWKKFDKFRLHEERKI NOVEL None
pilot:DDKKFRKHCKWKEQKK NOVEL None
pilot:IDKMFKKIGKKHE NOVEL None
pilot:CDMKKEKFRHKAIKE NOVEL None
pilot:LLKERKDLPKHAEKTI NOVEL None
pilot:QKKIGKFAKLQEPE NOVEL None
pilot:QWKVKEKHAKQKKK NOVEL None
pilot:RDQKCVDKAFQLATKK NOVEL None
pilot:KSSTKDFAKKQLHD NOVEL None
pilot:CKERKIVKFDLPALKF NOVEL None
pilot:PLRKKILNSGKSAKKQ NOVEL None
